[Licensing::Module] Trying to connect to existing licensing client channel...
Built from '6000.3/staging' branch; Version is '6000.3.22f1 (1c726e1fb402) revision 1864302'; Using compiler version '194234433'; Build Type 'Release'
[Licensing::IpcConnector] Successfully connected to: "LicenseClient-ashin" at "2026-08-22T17:37:55.495931Z"
OS: 'Windows 11  (10.0.26200) Core' Language: 'en' Physical Memory: 32174 MB
BatchMode: 1, IsHumanControllingUs: 0, StartBugReporterOnCrash: 0, Is64bit: 1
System  architecture: x64
Process architecture: x64
Date: 2026-08-22T17:37:55Z

COMMAND LINE ARGUMENTS:
D:\unity installs\6000.3.22f1\Editor\Unity.exe
-adb2
-batchMode
-noUpm
-name
AssetImportWorker4
-projectPath
D:/making games/Symphomania/Symphomania-UQCS-2026/Game/Symphomania
-logFile
Logs/AssetImportWorker4.log
-srvPort
50477
-parentPid
51184
-analyticsCloudUserId
16768085830141
-analyticsCloudProjectId
bb5d1f44-3339-440c-8042-f2e9d8453e20
-analyticsLocalProjectId
568ead598ed801c4692cdff20316d8db
-editorAnalyticsEnabled
1
-cbmEditorLicense
ea1b15fd92c12e0a34eedfd9c4db8a41467bb341
-cbmMachineId
gCFSV3nwC0sNkojRTB5wDtsOe+k=
-licensingIpc
LicenseClient-ashin
-job-worker-count
7
-background-job-worker-count
8
-gc-helper-count
1
-name
AssetImport
Successfully changed project path to: D:/making games/Symphomania/Symphomania-UQCS-2026/Game/Symphomania
D:/making games/Symphomania/Symphomania-UQCS-2026/Game/Symphomania
[UnityMemory] Configuration Parameters - Can be set up in boot.config
    "memorysetup-temp-allocator-size-nav-mesh-worker=65536"
    "memorysetup-temp-allocator-size-audio-worker=65536"
    "memorysetup-temp-allocator-size-gfx=262144"
    "memorysetup-allocator-temp-initial-block-size-main=262144"
    "memorysetup-allocator-temp-initial-block-size-worker=262144"
    "memorysetup-temp-allocator-size-background-worker=32768"
    "memorysetup-temp-allocator-size-job-worker=262144"
    "memorysetup-temp-allocator-size-preload-manager=33554432"
    "memorysetup-temp-allocator-size-gi-baking-worker=262144"
    "memorysetup-temp-allocator-size-gi-baking-worker=262144"
    "memorysetup-temp-allocator-size-gi-baking-worker=262144"
    "memorysetup-temp-allocator-size-gi-baking-worker=262144"
    "memorysetup-temp-allocator-size-gi-baking-worker=262144"
    "memorysetup-bucket-allocator-granularity=16"
    "memorysetup-bucket-allocator-bucket-count=8"
    "memorysetup-bucket-allocator-block-size=33554432"
    "memorysetup-bucket-allocator-block-count=8"
    "memorysetup-main-allocator-block-size=16777216"
    "memorysetup-thread-allocator-block-size=16777216"
    "memorysetup-gfx-main-allocator-block-size=16777216"
    "memorysetup-gfx-thread-allocator-block-size=16777216"
    "memorysetup-cache-allocator-block-size=4194304"
    "memorysetup-typetree-allocator-block-size=2097152"
    "memorysetup-profiler-bucket-allocator-granularity=16"
    "memorysetup-profiler-bucket-allocator-bucket-count=8"
    "memorysetup-profiler-bucket-allocator-block-size=33554432"
    "memorysetup-profiler-bucket-allocator-block-count=8"
    "memorysetup-profiler-allocator-block-size=16777216"
    "memorysetup-profiler-editor-allocator-block-size=1048576"
    "memorysetup-temp-allocator-size-main=16777216"
    "memorysetup-job-temp-allocator-block-size=2097152"
    "memorysetup-job-temp-allocator-block-size-background=1048576"
    "memorysetup-job-temp-allocator-reduction-small-platforms=262144"
    "memorysetup-temp-allocator-size-cloud-worker=32768"
Player connection [57044]  Target information:

Player connection [57044]  * "[IP] 10.5.0.2 [Port] 0 [Flags] 2 [Guid] 3016161362 [EditorId] 3016161362 [Version] 1048832 [Id] WindowsEditor(7,LAPTOP-P489BNI1) [Debug] 1 [PackageName] WindowsEditor [ProjectName] Editor" 

Player connection [57044]  * "[IP] 10.91.7.236 [Port] 0 [Flags] 2 [Guid] 3016161362 [EditorId] 3016161362 [Version] 1048832 [Id] WindowsEditor(7,LAPTOP-P489BNI1) [Debug] 1 [PackageName] WindowsEditor [ProjectName] Editor" 

Player connection [57044] Host joined multi-casting on [225.0.0.222:54997]...
Player connection [57044] Host joined alternative multi-casting on [225.0.0.222:34997]...
JobSystem: Creating JobQueue using job-worker-count value 7
Input System module state changed to: Initialized.
[Physics::Module] Initialized fallback backend.
[Physics::Module] Id: 0xdecafbad
Library Redirect Path: Library/
[Physics::Module] Selected backend.
[Physics::Module] Name: PhysX
[Physics::Module] Id: 0xf2b8ea05
[Physics::Module] SDK Version: 4.1.2
[Physics::Module] Integration Version: 1.0.0
[Physics::Module] Threading Mode: Multi-Threaded
Refreshing native plugins compatible for Editor in 263.60 ms, found 5 plugins.
Preloading 0 native plugins for Editor in 0.00 ms.
Initialize engine version: 6000.3.22f1 (1c726e1fb402)
[Subsystems] Discovering subsystems at path D:/unity installs/6000.3.22f1/Editor/Data/Resources/UnitySubsystems
[Subsystems] Discovering subsystems at path D:/making games/Symphomania/Symphomania-UQCS-2026/Game/Symphomania/Assets
GfxDevice: creating device client; kGfxThreadingModeNonThreaded
